g:\rmbwk\websoft\code\common\common\release\common_static.pch
g:\rmbwk\websoft\code\common\common\build\release\common_static.pdb
g:\rmbwk\websoft\code\common\common\release\pch.obj
g:\rmbwk\websoft\code\common\common\release\winregistrykey.obj
g:\rmbwk\websoft\code\common\common\release\softversion.obj
g:\rmbwk\websoft\code\common\common\release\reportwrite.obj
g:\rmbwk\websoft\code\common\common\release\reportcode.obj
g:\rmbwk\websoft\code\common\common\release\hkey.obj
g:\rmbwk\websoft\code\common\common\release\fun.obj
g:\rmbwk\websoft\code\common\common\release\dllmain.obj
g:\rmbwk\websoft\code\common\common\release\crypter.obj
g:\rmbwk\websoft\code\common\common\release\cmdlineparser.obj
g:\rmbwk\websoft\code\common\common\build\release\common_static.lib
g:\rmbwk\websoft\code\common\common\release\common.tlog\cl.read.1.tlog
g:\rmbwk\websoft\code\common\common\release\common.tlog\cl.write.1.tlog
g:\rmbwk\websoft\code\common\common\release\common.tlog\cl.command.1.tlog
g:\rmbwk\websoft\code\common\common\release\common.tlog\lib-link.read.1.tlog
g:\rmbwk\websoft\code\common\common\release\common.tlog\lib-link.write.1.tlog
g:\rmbwk\websoft\code\common\common\release\common.tlog\lib.command.1.tlog
g:\rmbwk\websoft\code\common\common\release\common.tlog\cl.items.tlog
