e:\rmbwk\websoft\code\common\duilib-master\duilib\build\debug_u\duilib.pch
e:\rmbwk\websoft\code\common\duilib-master\duilib\build\debug_u\vc143.pdb
e:\rmbwk\websoft\code\common\duilib-master\duilib\build\debug_u\stdafx.obj
e:\rmbwk\websoft\code\common\duilib-master\duilib\build\debug_u\uihorizontallayout.obj
e:\rmbwk\websoft\code\common\duilib-master\duilib\build\debug_u\uitablayout.obj
e:\rmbwk\websoft\code\common\duilib-master\duilib\build\debug_u\uitilelayout.obj
e:\rmbwk\websoft\code\common\duilib-master\duilib\build\debug_u\uiverticallayout.obj
e:\rmbwk\websoft\code\common\duilib-master\duilib\build\debug_u\uiactivex.obj
e:\rmbwk\websoft\code\common\duilib-master\duilib\build\debug_u\uibutton.obj
e:\rmbwk\websoft\code\common\duilib-master\duilib\build\debug_u\uicheckbox.obj
e:\rmbwk\websoft\code\common\duilib-master\duilib\build\debug_u\uicombo.obj
e:\rmbwk\websoft\code\common\duilib-master\duilib\build\debug_u\uidatetime.obj
e:\rmbwk\websoft\code\common\duilib-master\duilib\build\debug_u\uiedit.obj
e:\rmbwk\websoft\code\common\duilib-master\duilib\build\debug_u\uigifanim.obj
e:\rmbwk\websoft\code\common\duilib-master\duilib\build\debug_u\uilabel.obj
e:\rmbwk\websoft\code\common\duilib-master\duilib\build\debug_u\uilist.obj
e:\rmbwk\websoft\code\common\duilib-master\duilib\build\debug_u\uioption.obj
e:\rmbwk\websoft\code\common\duilib-master\duilib\build\debug_u\uiprogress.obj
e:\rmbwk\websoft\code\common\duilib-master\duilib\build\debug_u\uirichedit.obj
e:\rmbwk\websoft\code\common\duilib-master\duilib\build\debug_u\uiscrollbar.obj
e:\rmbwk\websoft\code\common\duilib-master\duilib\build\debug_u\uislider.obj
e:\rmbwk\websoft\code\common\duilib-master\duilib\build\debug_u\uitext.obj
e:\rmbwk\websoft\code\common\duilib-master\duilib\build\debug_u\uiwebbrowser.obj
e:\rmbwk\websoft\code\common\duilib-master\duilib\build\debug_u\uitreeview.obj
e:\rmbwk\websoft\code\common\duilib-master\duilib\build\debug_u\uilib.obj
e:\rmbwk\websoft\code\common\duilib-master\duilib\build\debug_u\winimplbase.obj
e:\rmbwk\websoft\code\common\duilib-master\duilib\build\debug_u\uidelegate.obj
e:\rmbwk\websoft\code\common\duilib-master\duilib\build\debug_u\utils.obj
e:\rmbwk\websoft\code\common\duilib-master\duilib\build\debug_u\wndshadow.obj
e:\rmbwk\websoft\code\common\duilib-master\duilib\build\debug_u\uibase.obj
e:\rmbwk\websoft\code\common\duilib-master\duilib\build\debug_u\uicontainer.obj
e:\rmbwk\websoft\code\common\duilib-master\duilib\build\debug_u\uicontrol.obj
e:\rmbwk\websoft\code\common\duilib-master\duilib\build\debug_u\uidlgbuilder.obj
e:\rmbwk\websoft\code\common\duilib-master\duilib\build\debug_u\uimanager.obj
e:\rmbwk\websoft\code\common\duilib-master\duilib\build\debug_u\uimarkup.obj
e:\rmbwk\websoft\code\common\duilib-master\duilib\build\debug_u\uirender.obj
e:\rmbwk\websoft\code\common\duilib-master\duilib\build\debug_u\uichildlayout.obj
e:\rmbwk\websoft\code\common\duilib-master\duilib\build\debug_u\vc143.idb
e:\rmbwk\websoft\code\common\duilib-master\duilib\build\debug_u\stb_image.obj
e:\rmbwk\websoft\code\common\duilib-master\duilib\build\debug_u\xunzip.obj
e:\rmbwk\websoft\code\common\duilib-master\bin\duilib_ud.dll
e:\rmbwk\websoft\code\common\duilib-master\duilib\build\debug_u\duilib.pdb
e:\rmbwk\websoft\code\common\duilib-master\lib\duilib_ud.lib
e:\rmbwk\websoft\code\common\duilib-master\lib\duilib_ud.exp
e:\rmbwk\websoft\code\common\duilib-master\duilib\build\debug_u\duilib.tlog\cl.read.1.tlog
e:\rmbwk\websoft\code\common\duilib-master\duilib\build\debug_u\duilib.tlog\cl.write.1.tlog
e:\rmbwk\websoft\code\common\duilib-master\duilib\build\debug_u\duilib.tlog\cl.command.1.tlog
e:\rmbwk\websoft\code\common\duilib-master\duilib\build\debug_u\duilib.tlog\link.read.1.tlog
e:\rmbwk\websoft\code\common\duilib-master\duilib\build\debug_u\duilib.tlog\link.write.1.tlog
e:\rmbwk\websoft\code\common\duilib-master\duilib\build\debug_u\duilib.tlog\link.command.1.tlog
e:\rmbwk\websoft\code\common\duilib-master\duilib\build\debug_u\duilib.tlog\duilib.write.1u.tlog
