e:\rmbwk\websoft\code\common\common\debug\common_static.pch
e:\rmbwk\websoft\code\common\common\build\debug\common_static.pdb
e:\rmbwk\websoft\code\common\common\build\debug\common_static.idb
e:\rmbwk\websoft\code\common\common\debug\pch.obj
e:\rmbwk\websoft\code\common\common\debug\winregistrykey.obj
e:\rmbwk\websoft\code\common\common\debug\softversion.obj
e:\rmbwk\websoft\code\common\common\debug\reportwrite.obj
e:\rmbwk\websoft\code\common\common\debug\reportcode.obj
e:\rmbwk\websoft\code\common\common\debug\hkey.obj
e:\rmbwk\websoft\code\common\common\debug\fun.obj
e:\rmbwk\websoft\code\common\common\debug\dllmain.obj
e:\rmbwk\websoft\code\common\common\debug\crypter.obj
e:\rmbwk\websoft\code\common\common\debug\cmdlineparser.obj
e:\rmbwk\websoft\code\common\common\build\debug\common_static.lib
e:\rmbwk\websoft\code\common\common\debug\common.tlog\cl.read.1.tlog
e:\rmbwk\websoft\code\common\common\debug\common.tlog\cl.write.1.tlog
e:\rmbwk\websoft\code\common\common\debug\common.tlog\cl.command.1.tlog
e:\rmbwk\websoft\code\common\common\debug\common.tlog\lib-link.read.1.tlog
e:\rmbwk\websoft\code\common\common\debug\common.tlog\lib-link.write.1.tlog
e:\rmbwk\websoft\code\common\common\debug\common.tlog\lib.command.1.tlog
