  StdAfx.cpp
E:\rmbwk\websoft\code\common\duilib-master\DuiLib\Core\UIManager.h(45,2): warning C4091: “typedef ”: 没有声明变量时忽略“DuiLib::EVENTTYPE_UI”的左侧
  360Safe.cpp
C:\Program Files\Microsoft Visual Studio\2022\Community\MSBuild\Microsoft\VC\v170\Microsoft.CppBuild.targets(1361,5): warning MSB8012: TargetPath(E:\rmbwk\websoft\code\common\duilib-master\bin\360Safe.exe) 与 Linker 的 OutputFile 属性值(E:\rmbwk\websoft\code\common\duilib-master\bin\360Safe_u.exe)不匹配。这可能导致项目生成不正确。若要更正此问题，请确保 $(OutDir)、$(TargetName) 和 $(TargetExt) 属性值与 %(Link.OutputFile) 中指定的值匹配。
C:\Program Files\Microsoft Visual Studio\2022\Community\MSBuild\Microsoft\VC\v170\Microsoft.CppBuild.targets(1363,5): warning MSB8012: TargetName(360Safe) 与 Linker 的 OutputFile 属性值(360Safe_u)不匹配。这可能导致项目生成不正确。若要更正此问题，请确保 $(OutDir)、$(TargetName) 和 $(TargetExt) 属性值与 %(Link.OutputFile) 中指定的值匹配。
360Safe.obj : error LNK2001: 无法解析的外部符号 "__declspec(dllimport) public: __thiscall DuiLib::CContainerUI::CContainerUI(void)" (__imp_??0CContainerUI@DuiLib@@QAE@XZ)
360Safe.obj : error LNK2001: 无法解析的外部符号 "__declspec(dllimport) public: virtual __thiscall DuiLib::CContainerUI::~CContainerUI(void)" (__imp_??1CContainerUI@DuiLib@@UAE@XZ)
360Safe.obj : error LNK2001: 无法解析的外部符号 "__declspec(dllimport) public: __thiscall DuiLib::CDialogBuilder::CDialogBuilder(void)" (__imp_??0CDialogBuilder@DuiLib@@QAE@XZ)
360Safe.obj : error LNK2001: 无法解析的外部符号 "__declspec(dllimport) public: class DuiLib::CControlUI * __thiscall DuiLib::CDialogBuilder::Create(class DuiLib::STRINGorID,wchar_t const *,class DuiLib::IDialogBuilderCallback *,class DuiLib::CPaintManagerUI *,class DuiLib::CControlUI *)" (__imp_?Create@CDialogBuilder@DuiLib@@QAEPAVCControlUI@2@VSTRINGorID@2@PB_WPAVIDialogBuilderCallback@2@PAVCPaintManagerUI@2@PAV32@@Z)
360Safe.obj : error LNK2001: 无法解析的外部符号 "__declspec(dllimport) public: __thiscall DuiLib::STRINGorID::STRINGorID(wchar_t const *)" (__imp_??0STRINGorID@DuiLib@@QAE@PB_W@Z)
360Safe.obj : error LNK2001: 无法解析的外部符号 "__declspec(dllimport) public: virtual bool __thiscall DuiLib::CContainerUI::Add(class DuiLib::CControlUI *)" (__imp_?Add@CContainerUI@DuiLib@@UAE_NPAVCControlUI@2@@Z)
360Safe.obj : error LNK2001: 无法解析的外部符号 "__declspec(dllimport) public: virtual void __thiscall DuiLib::CContainerUI::RemoveAll(void)" (__imp_?RemoveAll@CContainerUI@DuiLib@@UAEXXZ)
360Safe.obj : error LNK2001: 无法解析的外部符号 "__declspec(dllimport) public: __thiscall DuiLib::CWindowWnd::CWindowWnd(void)" (__imp_??0CWindowWnd@DuiLib@@QAE@XZ)
360Safe.obj : error LNK2001: 无法解析的外部符号 "__declspec(dllimport) public: __thiscall DuiLib::INotifyUI::INotifyUI(void)" (__imp_??0INotifyUI@DuiLib@@QAE@XZ)
360Safe.obj : error LNK2001: 无法解析的外部符号 "__declspec(dllimport) public: __thiscall DuiLib::CPaintManagerUI::CPaintManagerUI(void)" (__imp_??0CPaintManagerUI@DuiLib@@QAE@XZ)
360Safe.obj : error LNK2001: 无法解析的外部符号 "__declspec(dllimport) public: __thiscall DuiLib::CPaintManagerUI::~CPaintManagerUI(void)" (__imp_??1CPaintManagerUI@DuiLib@@QAE@XZ)
360Safe.obj : error LNK2001: 无法解析的外部符号 "__declspec(dllimport) public: class DuiLib::CControlUI * __thiscall DuiLib::CPaintManagerUI::FindControl(wchar_t const *)const " (__imp_?FindControl@CPaintManagerUI@DuiLib@@QBEPAVCControlUI@2@PB_W@Z)
360Safe.obj : error LNK2001: 无法解析的外部符号 "__declspec(dllimport) public: bool __thiscall DuiLib::CDuiString::operator==(wchar_t const *)const " (__imp_??8CDuiString@DuiLib@@QBE_NPB_W@Z)
360Safe.obj : error LNK2001: 无法解析的外部符号 "__declspec(dllimport) public: long __thiscall DuiLib::CWindowWnd::SendMessageW(unsigned int,unsigned int,long)" (__imp_?SendMessageW@CWindowWnd@DuiLib@@QAEJIIJ@Z)
360Safe.obj : error LNK2001: 无法解析的外部符号 "__declspec(dllimport) public: virtual class DuiLib::CDuiString __thiscall DuiLib::CControlUI::GetName(void)const " (__imp_?GetName@CControlUI@DuiLib@@UBE?AVCDuiString@2@XZ)
360Safe.obj : error LNK2001: 无法解析的外部符号 "__declspec(dllimport) public: __thiscall DuiLib::CDuiString::~CDuiString(void)" (__imp_??1CDuiString@DuiLib@@QAE@XZ)
360Safe.obj : error LNK2001: 无法解析的外部符号 "__declspec(dllimport) public: bool __thiscall DuiLib::CTabLayoutUI::SelectItem(int,bool)" (__imp_?SelectItem@CTabLayoutUI@DuiLib@@QAE_NH_N@Z)
360Safe.obj : error LNK2001: 无法解析的外部符号 "__declspec(dllimport) public: __thiscall DuiLib::CWindowWnd::operator struct HWND__ *(void)const " (__imp_??BCWindowWnd@DuiLib@@QBEPAUHWND__@@XZ)
360Safe.obj : error LNK2001: 无法解析的外部符号 "__declspec(dllimport) public: void __thiscall DuiLib::CPaintManagerUI::Init(struct HWND__ *,wchar_t const *)" (__imp_?Init@CPaintManagerUI@DuiLib@@QAEXPAUHWND__@@PB_W@Z)
360Safe.obj : error LNK2001: 无法解析的外部符号 "__declspec(dllimport) public: bool __thiscall DuiLib::CPaintManagerUI::AttachDialog(class DuiLib::CControlUI *)" (__imp_?AttachDialog@CPaintManagerUI@DuiLib@@QAE_NPAVCControlUI@2@@Z)
360Safe.obj : error LNK2001: 无法解析的外部符号 "__declspec(dllimport) public: bool __thiscall DuiLib::CPaintManagerUI::AddNotifier(class DuiLib::INotifyUI *)" (__imp_?AddNotifier@CPaintManagerUI@DuiLib@@QAE_NPAVINotifyUI@2@@Z)
360Safe.obj : error LNK2001: 无法解析的外部符号 "__declspec(dllimport) public: struct tagRECT & __thiscall DuiLib::CPaintManagerUI::GetCaptionRect(void)" (__imp_?GetCaptionRect@CPaintManagerUI@DuiLib@@QAEAAUtagRECT@@XZ)
360Safe.obj : error LNK2001: 无法解析的外部符号 "__declspec(dllimport) public: class DuiLib::CControlUI * __thiscall DuiLib::CPaintManagerUI::FindControl(struct tagPOINT)const " (__imp_?FindControl@CPaintManagerUI@DuiLib@@QBEPAVCControlUI@2@UtagPOINT@@@Z)
360Safe.obj : error LNK2001: 无法解析的外部符号 "__declspec(dllimport) public: struct tagSIZE __thiscall DuiLib::CPaintManagerUI::GetRoundCorner(void)const " (__imp_?GetRoundCorner@CPaintManagerUI@DuiLib@@QBE?AUtagSIZE@@XZ)
360Safe.obj : error LNK2001: 无法解析的外部符号 "__declspec(dllimport) public: __thiscall DuiLib::CDuiRect::CDuiRect(void)" (__imp_??0CDuiRect@DuiLib@@QAE@XZ)
360Safe.obj : error LNK2001: 无法解析的外部符号 "__declspec(dllimport) public: void __thiscall DuiLib::CDuiRect::Offset(int,int)" (__imp_?Offset@CDuiRect@DuiLib@@QAEXHH@Z)
360Safe.obj : error LNK2001: 无法解析的外部符号 "__declspec(dllimport) public: __thiscall DuiLib::CDuiRect::CDuiRect(struct tagRECT const &)" (__imp_??0CDuiRect@DuiLib@@QAE@ABUtagRECT@@@Z)
360Safe.obj : error LNK2001: 无法解析的外部符号 "__declspec(dllimport) protected: virtual long __thiscall DuiLib::CWindowWnd::HandleMessage(unsigned int,unsigned int,long)" (__imp_?HandleMessage@CWindowWnd@DuiLib@@MAEJIIJ@Z)
360Safe.obj : error LNK2001: 无法解析的外部符号 "__declspec(dllimport) public: bool __thiscall DuiLib::CPaintManagerUI::MessageHandler(unsigned int,unsigned int,long,long &)" (__imp_?MessageHandler@CPaintManagerUI@DuiLib@@QAE_NIIJAAJ@Z)
360Safe.obj : error LNK2001: 无法解析的外部符号 "__declspec(dllimport) public: static void __cdecl DuiLib::CPaintManagerUI::SetInstance(struct HINSTANCE__ *)" (__imp_?SetInstance@CPaintManagerUI@DuiLib@@SAXPAUHINSTANCE__@@@Z)
360Safe.obj : error LNK2001: 无法解析的外部符号 "__declspec(dllimport) public: static void __cdecl DuiLib::CPaintManagerUI::SetResourcePath(wchar_t const *)" (__imp_?SetResourcePath@CPaintManagerUI@DuiLib@@SAXPB_W@Z)
360Safe.obj : error LNK2001: 无法解析的外部符号 "__declspec(dllimport) public: __thiscall DuiLib::CDuiString::operator wchar_t const *(void)const " (__imp_??BCDuiString@DuiLib@@QBEPB_WXZ)
360Safe.obj : error LNK2001: 无法解析的外部符号 "__declspec(dllimport) public: class DuiLib::CDuiString __thiscall DuiLib::CDuiString::operator+(wchar_t const *)const " (__imp_??HCDuiString@DuiLib@@QBE?AV01@PB_W@Z)
360Safe.obj : error LNK2001: 无法解析的外部符号 "__declspec(dllimport) public: static class DuiLib::CDuiString __cdecl DuiLib::CPaintManagerUI::GetInstancePath(void)" (__imp_?GetInstancePath@CPaintManagerUI@DuiLib@@SA?AVCDuiString@2@XZ)
360Safe.obj : error LNK2001: 无法解析的外部符号 "__declspec(dllimport) public: static void __cdecl DuiLib::CPaintManagerUI::SetResourceZip(wchar_t const *,bool)" (__imp_?SetResourceZip@CPaintManagerUI@DuiLib@@SAXPB_W_N@Z)
360Safe.obj : error LNK2001: 无法解析的外部符号 "__declspec(dllimport) public: struct HWND__ * __thiscall DuiLib::CWindowWnd::Create(struct HWND__ *,wchar_t const *,unsigned long,unsigned long,int,int,int,int,struct HMENU__ *)" (__imp_?Create@CWindowWnd@DuiLib@@QAEPAUHWND__@@PAU3@PB_WKKHHHHPAUHMENU__@@@Z)
360Safe.obj : error LNK2001: 无法解析的外部符号 "__declspec(dllimport) public: void __thiscall DuiLib::CWindowWnd::CenterWindow(void)" (__imp_?CenterWindow@CWindowWnd@DuiLib@@QAEXXZ)
360Safe.obj : error LNK2001: 无法解析的外部符号 "__declspec(dllimport) public: static int __cdecl DuiLib::CPaintManagerUI::MessageLoop(void)" (__imp_?MessageLoop@CPaintManagerUI@DuiLib@@SAHXZ)
360Safe.obj : error LNK2001: 无法解析的外部符号 "__declspec(dllimport) public: virtual void __thiscall DuiLib::CControlUI::Delete(void)" (__imp_?Delete@CControlUI@DuiLib@@UAEXXZ)
360Safe.obj : error LNK2001: 无法解析的外部符号 "__declspec(dllimport) public: virtual void __thiscall DuiLib::CControlUI::SetName(wchar_t const *)" (__imp_?SetName@CControlUI@DuiLib@@UAEXPB_W@Z)
360Safe.obj : error LNK2001: 无法解析的外部符号 "__declspec(dllimport) public: virtual wchar_t const * __thiscall DuiLib::CContainerUI::GetClass(void)const " (__imp_?GetClass@CContainerUI@DuiLib@@UBEPB_WXZ)
360Safe.obj : error LNK2001: 无法解析的外部符号 "__declspec(dllimport) public: virtual void * __thiscall DuiLib::CContainerUI::GetInterface(wchar_t const *)" (__imp_?GetInterface@CContainerUI@DuiLib@@UAEPAXPB_W@Z)
360Safe.obj : error LNK2001: 无法解析的外部符号 "__declspec(dllimport) public: virtual unsigned int __thiscall DuiLib::CControlUI::GetControlFlags(void)const " (__imp_?GetControlFlags@CControlUI@DuiLib@@UBEIXZ)
360Safe.obj : error LNK2001: 无法解析的外部符号 "__declspec(dllimport) public: virtual struct HWND__ * __thiscall DuiLib::CControlUI::GetNativeWindow(void)const " (__imp_?GetNativeWindow@CControlUI@DuiLib@@UBEPAUHWND__@@XZ)
360Safe.obj : error LNK2001: 无法解析的外部符号 "__declspec(dllimport) public: virtual bool __thiscall DuiLib::CControlUI::Activate(void)" (__imp_?Activate@CControlUI@DuiLib@@UAE_NXZ)
360Safe.obj : error LNK2001: 无法解析的外部符号 "__declspec(dllimport) public: virtual class DuiLib::CPaintManagerUI * __thiscall DuiLib::CControlUI::GetManager(void)const " (__imp_?GetManager@CControlUI@DuiLib@@UBEPAVCPaintManagerUI@2@XZ)
360Safe.obj : error LNK2001: 无法解析的外部符号 "__declspec(dllimport) public: virtual void __thiscall DuiLib::CContainerUI::SetManager(class DuiLib::CPaintManagerUI *,class DuiLib::CControlUI *,bool)" (__imp_?SetManager@CContainerUI@DuiLib@@UAEXPAVCPaintManagerUI@2@PAVCControlUI@2@_N@Z)
360Safe.obj : error LNK2001: 无法解析的外部符号 "__declspec(dllimport) public: virtual class DuiLib::CControlUI * __thiscall DuiLib::CControlUI::GetParent(void)const " (__imp_?GetParent@CControlUI@DuiLib@@UBEPAV12@XZ)
360Safe.obj : error LNK2001: 无法解析的外部符号 "__declspec(dllimport) public: virtual class DuiLib::CControlUI * __thiscall DuiLib::CControlUI::GetCover(void)const " (__imp_?GetCover@CControlUI@DuiLib@@UBEPAV12@XZ)
360Safe.obj : error LNK2001: 无法解析的外部符号 "__declspec(dllimport) public: virtual void __thiscall DuiLib::CControlUI::SetCover(class DuiLib::CControlUI *)" (__imp_?SetCover@CControlUI@DuiLib@@UAEXPAV12@@Z)
360Safe.obj : error LNK2001: 无法解析的外部符号 "__declspec(dllimport) public: virtual class DuiLib::CDuiString __thiscall DuiLib::CControlUI::GetText(void)const " (__imp_?GetText@CControlUI@DuiLib@@UBE?AVCDuiString@2@XZ)
360Safe.obj : error LNK2001: 无法解析的外部符号 "__declspec(dllimport) public: virtual void __thiscall DuiLib::CControlUI::SetText(wchar_t const *)" (__imp_?SetText@CControlUI@DuiLib@@UAEXPB_W@Z)
360Safe.obj : error LNK2001: 无法解析的外部符号 "__declspec(dllimport) public: virtual struct tagRECT const & __thiscall DuiLib::CControlUI::GetPos(void)const " (__imp_?GetPos@CControlUI@DuiLib@@UBEABUtagRECT@@XZ)
360Safe.obj : error LNK2001: 无法解析的外部符号 "__declspec(dllimport) public: virtual struct tagRECT __thiscall DuiLib::CControlUI::GetRelativePos(void)const " (__imp_?GetRelativePos@CControlUI@DuiLib@@UBE?AUtagRECT@@XZ)
360Safe.obj : error LNK2001: 无法解析的外部符号 "__declspec(dllimport) public: virtual struct tagRECT __thiscall DuiLib::CContainerUI::GetClientPos(void)const " (__imp_?GetClientPos@CContainerUI@DuiLib@@UBE?AUtagRECT@@XZ)
360Safe.obj : error LNK2001: 无法解析的外部符号 "__declspec(dllimport) public: virtual void __thiscall DuiLib::CContainerUI::SetPos(struct tagRECT,bool)" (__imp_?SetPos@CContainerUI@DuiLib@@UAEXUtagRECT@@_N@Z)
360Safe.obj : error LNK2001: 无法解析的外部符号 "__declspec(dllimport) public: virtual void __thiscall DuiLib::CContainerUI::Move(struct tagSIZE,bool)" (__imp_?Move@CContainerUI@DuiLib@@UAEXUtagSIZE@@_N@Z)
360Safe.obj : error LNK2001: 无法解析的外部符号 "__declspec(dllimport) public: virtual int __thiscall DuiLib::CControlUI::GetWidth(void)const " (__imp_?GetWidth@CControlUI@DuiLib@@UBEHXZ)
360Safe.obj : error LNK2001: 无法解析的外部符号 "__declspec(dllimport) public: virtual int __thiscall DuiLib::CControlUI::GetHeight(void)const " (__imp_?GetHeight@CControlUI@DuiLib@@UBEHXZ)
360Safe.obj : error LNK2001: 无法解析的外部符号 "__declspec(dllimport) public: virtual int __thiscall DuiLib::CControlUI::GetX(void)const " (__imp_?GetX@CControlUI@DuiLib@@UBEHXZ)
360Safe.obj : error LNK2001: 无法解析的外部符号 "__declspec(dllimport) public: virtual int __thiscall DuiLib::CControlUI::GetY(void)const " (__imp_?GetY@CControlUI@DuiLib@@UBEHXZ)
360Safe.obj : error LNK2001: 无法解析的外部符号 "__declspec(dllimport) public: virtual struct tagRECT __thiscall DuiLib::CControlUI::GetPadding(void)const " (__imp_?GetPadding@CControlUI@DuiLib@@UBE?AUtagRECT@@XZ)
360Safe.obj : error LNK2001: 无法解析的外部符号 "__declspec(dllimport) public: virtual void __thiscall DuiLib::CControlUI::SetPadding(struct tagRECT)" (__imp_?SetPadding@CControlUI@DuiLib@@UAEXUtagRECT@@@Z)
360Safe.obj : error LNK2001: 无法解析的外部符号 "__declspec(dllimport) public: virtual struct tagSIZE __thiscall DuiLib::CControlUI::GetFixedXY(void)const " (__imp_?GetFixedXY@CControlUI@DuiLib@@UBE?AUtagSIZE@@XZ)
360Safe.obj : error LNK2001: 无法解析的外部符号 "__declspec(dllimport) public: virtual void __thiscall DuiLib::CControlUI::SetFixedXY(struct tagSIZE)" (__imp_?SetFixedXY@CControlUI@DuiLib@@UAEXUtagSIZE@@@Z)
360Safe.obj : error LNK2001: 无法解析的外部符号 "__declspec(dllimport) public: virtual struct DuiLib::tagTPercentInfo __thiscall DuiLib::CControlUI::GetFloatPercent(void)const " (__imp_?GetFloatPercent@CControlUI@DuiLib@@UBE?AUtagTPercentInfo@2@XZ)
360Safe.obj : error LNK2001: 无法解析的外部符号 "__declspec(dllimport) public: virtual void __thiscall DuiLib::CControlUI::SetFloatPercent(struct DuiLib::tagTPercentInfo)" (__imp_?SetFloatPercent@CControlUI@DuiLib@@UAEXUtagTPercentInfo@2@@Z)
360Safe.obj : error LNK2001: 无法解析的外部符号 "__declspec(dllimport) public: virtual int __thiscall DuiLib::CControlUI::GetFixedWidth(void)const " (__imp_?GetFixedWidth@CControlUI@DuiLib@@UBEHXZ)
360Safe.obj : error LNK2001: 无法解析的外部符号 "__declspec(dllimport) public: virtual void __thiscall DuiLib::CControlUI::SetFixedWidth(int)" (__imp_?SetFixedWidth@CControlUI@DuiLib@@UAEXH@Z)
360Safe.obj : error LNK2001: 无法解析的外部符号 "__declspec(dllimport) public: virtual int __thiscall DuiLib::CControlUI::GetFixedHeight(void)const " (__imp_?GetFixedHeight@CControlUI@DuiLib@@UBEHXZ)
360Safe.obj : error LNK2001: 无法解析的外部符号 "__declspec(dllimport) public: virtual void __thiscall DuiLib::CControlUI::SetFixedHeight(int)" (__imp_?SetFixedHeight@CControlUI@DuiLib@@UAEXH@Z)
360Safe.obj : error LNK2001: 无法解析的外部符号 "__declspec(dllimport) public: virtual int __thiscall DuiLib::CControlUI::GetMinWidth(void)const " (__imp_?GetMinWidth@CControlUI@DuiLib@@UBEHXZ)
360Safe.obj : error LNK2001: 无法解析的外部符号 "__declspec(dllimport) public: virtual void __thiscall DuiLib::CControlUI::SetMinWidth(int)" (__imp_?SetMinWidth@CControlUI@DuiLib@@UAEXH@Z)
360Safe.obj : error LNK2001: 无法解析的外部符号 "__declspec(dllimport) public: virtual int __thiscall DuiLib::CControlUI::GetMaxWidth(void)const " (__imp_?GetMaxWidth@CControlUI@DuiLib@@UBEHXZ)
360Safe.obj : error LNK2001: 无法解析的外部符号 "__declspec(dllimport) public: virtual void __thiscall DuiLib::CControlUI::SetMaxWidth(int)" (__imp_?SetMaxWidth@CControlUI@DuiLib@@UAEXH@Z)
360Safe.obj : error LNK2001: 无法解析的外部符号 "__declspec(dllimport) public: virtual int __thiscall DuiLib::CControlUI::GetMinHeight(void)const " (__imp_?GetMinHeight@CControlUI@DuiLib@@UBEHXZ)
360Safe.obj : error LNK2001: 无法解析的外部符号 "__declspec(dllimport) public: virtual void __thiscall DuiLib::CControlUI::SetMinHeight(int)" (__imp_?SetMinHeight@CControlUI@DuiLib@@UAEXH@Z)
360Safe.obj : error LNK2001: 无法解析的外部符号 "__declspec(dllimport) public: virtual int __thiscall DuiLib::CControlUI::GetMaxHeight(void)const " (__imp_?GetMaxHeight@CControlUI@DuiLib@@UBEHXZ)
360Safe.obj : error LNK2001: 无法解析的外部符号 "__declspec(dllimport) public: virtual void __thiscall DuiLib::CControlUI::SetMaxHeight(int)" (__imp_?SetMaxHeight@CControlUI@DuiLib@@UAEXH@Z)
360Safe.obj : error LNK2001: 无法解析的外部符号 "__declspec(dllimport) public: virtual class DuiLib::CDuiString __thiscall DuiLib::CControlUI::GetToolTip(void)const " (__imp_?GetToolTip@CControlUI@DuiLib@@UBE?AVCDuiString@2@XZ)
360Safe.obj : error LNK2001: 无法解析的外部符号 "__declspec(dllimport) public: virtual void __thiscall DuiLib::CControlUI::SetToolTip(wchar_t const *)" (__imp_?SetToolTip@CControlUI@DuiLib@@UAEXPB_W@Z)
360Safe.obj : error LNK2001: 无法解析的外部符号 "__declspec(dllimport) public: virtual void __thiscall DuiLib::CControlUI::SetToolTipWidth(int)" (__imp_?SetToolTipWidth@CControlUI@DuiLib@@UAEXH@Z)
360Safe.obj : error LNK2001: 无法解析的外部符号 "__declspec(dllimport) public: virtual int __thiscall DuiLib::CControlUI::GetToolTipWidth(void)" (__imp_?GetToolTipWidth@CControlUI@DuiLib@@UAEHXZ)
360Safe.obj : error LNK2001: 无法解析的外部符号 "__declspec(dllimport) public: virtual wchar_t __thiscall DuiLib::CControlUI::GetShortcut(void)const " (__imp_?GetShortcut@CControlUI@DuiLib@@UBE_WXZ)
360Safe.obj : error LNK2001: 无法解析的外部符号 "__declspec(dllimport) public: virtual void __thiscall DuiLib::CControlUI::SetShortcut(wchar_t)" (__imp_?SetShortcut@CControlUI@DuiLib@@UAEX_W@Z)
360Safe.obj : error LNK2001: 无法解析的外部符号 "__declspec(dllimport) public: virtual bool __thiscall DuiLib::CControlUI::IsContextMenuUsed(void)const " (__imp_?IsContextMenuUsed@CControlUI@DuiLib@@UBE_NXZ)
360Safe.obj : error LNK2001: 无法解析的外部符号 "__declspec(dllimport) public: virtual void __thiscall DuiLib::CControlUI::SetContextMenuUsed(bool)" (__imp_?SetContextMenuUsed@CControlUI@DuiLib@@UAEX_N@Z)
360Safe.obj : error LNK2001: 无法解析的外部符号 "__declspec(dllimport) public: virtual class DuiLib::CDuiString const & __thiscall DuiLib::CControlUI::GetUserData(void)" (__imp_?GetUserData@CControlUI@DuiLib@@UAEABVCDuiString@2@XZ)
360Safe.obj : error LNK2001: 无法解析的外部符号 "__declspec(dllimport) public: virtual void __thiscall DuiLib::CControlUI::SetUserData(wchar_t const *)" (__imp_?SetUserData@CControlUI@DuiLib@@UAEXPB_W@Z)
360Safe.obj : error LNK2001: 无法解析的外部符号 "__declspec(dllimport) public: virtual unsigned int __thiscall DuiLib::CControlUI::GetTag(void)const " (__imp_?GetTag@CControlUI@DuiLib@@UBEIXZ)
360Safe.obj : error LNK2001: 无法解析的外部符号 "__declspec(dllimport) public: virtual void __thiscall DuiLib::CControlUI::SetTag(unsigned int)" (__imp_?SetTag@CControlUI@DuiLib@@UAEXI@Z)
360Safe.obj : error LNK2001: 无法解析的外部符号 "__declspec(dllimport) public: virtual bool __thiscall DuiLib::CControlUI::IsVisible(void)const " (__imp_?IsVisible@CControlUI@DuiLib@@UBE_NXZ)
360Safe.obj : error LNK2001: 无法解析的外部符号 "__declspec(dllimport) public: virtual void __thiscall DuiLib::CContainerUI::SetVisible(bool)" (__imp_?SetVisible@CContainerUI@DuiLib@@UAEX_N@Z)
360Safe.obj : error LNK2001: 无法解析的外部符号 "__declspec(dllimport) public: virtual void __thiscall DuiLib::CContainerUI::SetInternVisible(bool)" (__imp_?SetInternVisible@CContainerUI@DuiLib@@UAEX_N@Z)
360Safe.obj : error LNK2001: 无法解析的外部符号 "__declspec(dllimport) public: virtual bool __thiscall DuiLib::CControlUI::IsEnabled(void)const " (__imp_?IsEnabled@CControlUI@DuiLib@@UBE_NXZ)
360Safe.obj : error LNK2001: 无法解析的外部符号 "__declspec(dllimport) public: virtual void __thiscall DuiLib::CControlUI::SetEnabled(bool)" (__imp_?SetEnabled@CControlUI@DuiLib@@UAEX_N@Z)
360Safe.obj : error LNK2001: 无法解析的外部符号 "__declspec(dllimport) public: virtual bool __thiscall DuiLib::CControlUI::IsMouseEnabled(void)const " (__imp_?IsMouseEnabled@CControlUI@DuiLib@@UBE_NXZ)
360Safe.obj : error LNK2001: 无法解析的外部符号 "__declspec(dllimport) public: virtual void __thiscall DuiLib::CContainerUI::SetMouseEnabled(bool)" (__imp_?SetMouseEnabled@CContainerUI@DuiLib@@UAEX_N@Z)
360Safe.obj : error LNK2001: 无法解析的外部符号 "__declspec(dllimport) public: virtual bool __thiscall DuiLib::CControlUI::IsKeyboardEnabled(void)const " (__imp_?IsKeyboardEnabled@CControlUI@DuiLib@@UBE_NXZ)
360Safe.obj : error LNK2001: 无法解析的外部符号 "__declspec(dllimport) public: virtual void __thiscall DuiLib::CControlUI::SetKeyboardEnabled(bool)" (__imp_?SetKeyboardEnabled@CControlUI@DuiLib@@UAEX_N@Z)
360Safe.obj : error LNK2001: 无法解析的外部符号 "__declspec(dllimport) public: virtual bool __thiscall DuiLib::CControlUI::IsFocused(void)const " (__imp_?IsFocused@CControlUI@DuiLib@@UBE_NXZ)
360Safe.obj : error LNK2001: 无法解析的外部符号 "__declspec(dllimport) public: virtual void __thiscall DuiLib::CControlUI::SetFocus(void)" (__imp_?SetFocus@CControlUI@DuiLib@@UAEXXZ)
360Safe.obj : error LNK2001: 无法解析的外部符号 "__declspec(dllimport) public: virtual bool __thiscall DuiLib::CControlUI::IsFloat(void)const " (__imp_?IsFloat@CControlUI@DuiLib@@UBE_NXZ)
360Safe.obj : error LNK2001: 无法解析的外部符号 "__declspec(dllimport) public: virtual void __thiscall DuiLib::CControlUI::SetFloat(bool)" (__imp_?SetFloat@CControlUI@DuiLib@@UAEX_N@Z)
360Safe.obj : error LNK2001: 无法解析的外部符号 "__declspec(dllimport) public: virtual class DuiLib::CControlUI * __thiscall DuiLib::CContainerUI::FindControl(class DuiLib::CControlUI * (__stdcall*)(class DuiLib::CControlUI *,void *),void *,unsigned int)" (__imp_?FindControl@CContainerUI@DuiLib@@UAEPAVCControlUI@2@P6GPAV32@PAV32@PAX@Z1I@Z)
360Safe.obj : error LNK2001: 无法解析的外部符号 "__declspec(dllimport) public: virtual void __thiscall DuiLib::CControlUI::Init(void)" (__imp_?Init@CControlUI@DuiLib@@UAEXXZ)
360Safe.obj : error LNK2001: 无法解析的外部符号 "__declspec(dllimport) public: virtual void __thiscall DuiLib::CControlUI::DoInit(void)" (__imp_?DoInit@CControlUI@DuiLib@@UAEXXZ)
360Safe.obj : error LNK2001: 无法解析的外部符号 "__declspec(dllimport) public: virtual void __thiscall DuiLib::CControlUI::Event(struct DuiLib::tagTEventUI &)" (__imp_?Event@CControlUI@DuiLib@@UAEXAAUtagTEventUI@2@@Z)
360Safe.obj : error LNK2001: 无法解析的外部符号 "__declspec(dllimport) public: virtual void __thiscall DuiLib::CContainerUI::DoEvent(struct DuiLib::tagTEventUI &)" (__imp_?DoEvent@CContainerUI@DuiLib@@UAEXAAUtagTEventUI@2@@Z)
360Safe.obj : error LNK2001: 无法解析的外部符号 "__declspec(dllimport) public: virtual class DuiLib::CDuiString __thiscall DuiLib::CControlUI::GetAttribute(wchar_t const *)" (__imp_?GetAttribute@CControlUI@DuiLib@@UAE?AVCDuiString@2@PB_W@Z)
360Safe.obj : error LNK2001: 无法解析的外部符号 "__declspec(dllimport) public: virtual void __thiscall DuiLib::CContainerUI::SetAttribute(wchar_t const *,wchar_t const *)" (__imp_?SetAttribute@CContainerUI@DuiLib@@UAEXPB_W0@Z)
360Safe.obj : error LNK2001: 无法解析的外部符号 "__declspec(dllimport) public: virtual class DuiLib::CDuiString __thiscall DuiLib::CControlUI::GetAttributeList(bool)" (__imp_?GetAttributeList@CControlUI@DuiLib@@UAE?AVCDuiString@2@_N@Z)
360Safe.obj : error LNK2001: 无法解析的外部符号 "__declspec(dllimport) public: virtual void __thiscall DuiLib::CControlUI::SetAttributeList(wchar_t const *)" (__imp_?SetAttributeList@CControlUI@DuiLib@@UAEXPB_W@Z)
360Safe.obj : error LNK2001: 无法解析的外部符号 "__declspec(dllimport) public: virtual struct tagSIZE __thiscall DuiLib::CControlUI::EstimateSize(struct tagSIZE)" (__imp_?EstimateSize@CControlUI@DuiLib@@UAE?AUtagSIZE@@U3@@Z)
360Safe.obj : error LNK2001: 无法解析的外部符号 "__declspec(dllimport) public: virtual bool __thiscall DuiLib::CControlUI::Paint(struct HDC__ *,struct tagRECT const &,class DuiLib::CControlUI *)" (__imp_?Paint@CControlUI@DuiLib@@UAE_NPAUHDC__@@ABUtagRECT@@PAV12@@Z)
360Safe.obj : error LNK2001: 无法解析的外部符号 "__declspec(dllimport) public: virtual bool __thiscall DuiLib::CContainerUI::DoPaint(struct HDC__ *,struct tagRECT const &,class DuiLib::CControlUI *)" (__imp_?DoPaint@CContainerUI@DuiLib@@UAE_NPAUHDC__@@ABUtagRECT@@PAVCControlUI@2@@Z)
360Safe.obj : error LNK2001: 无法解析的外部符号 "__declspec(dllimport) public: virtual void __thiscall DuiLib::CControlUI::PaintBkColor(struct HDC__ *)" (__imp_?PaintBkColor@CControlUI@DuiLib@@UAEXPAUHDC__@@@Z)
360Safe.obj : error LNK2001: 无法解析的外部符号 "__declspec(dllimport) public: virtual void __thiscall DuiLib::CControlUI::PaintBkImage(struct HDC__ *)" (__imp_?PaintBkImage@CControlUI@DuiLib@@UAEXPAUHDC__@@@Z)
360Safe.obj : error LNK2001: 无法解析的外部符号 "__declspec(dllimport) public: virtual void __thiscall DuiLib::CControlUI::PaintStatusImage(struct HDC__ *)" (__imp_?PaintStatusImage@CControlUI@DuiLib@@UAEXPAUHDC__@@@Z)
360Safe.obj : error LNK2001: 无法解析的外部符号 "__declspec(dllimport) public: virtual void __thiscall DuiLib::CControlUI::PaintText(struct HDC__ *)" (__imp_?PaintText@CControlUI@DuiLib@@UAEXPAUHDC__@@@Z)
360Safe.obj : error LNK2001: 无法解析的外部符号 "__declspec(dllimport) public: virtual void __thiscall DuiLib::CControlUI::PaintBorder(struct HDC__ *)" (__imp_?PaintBorder@CControlUI@DuiLib@@UAEXPAUHDC__@@@Z)
360Safe.obj : error LNK2001: 无法解析的外部符号 "__declspec(dllimport) public: virtual void __thiscall DuiLib::CControlUI::DoPostPaint(struct HDC__ *,struct tagRECT const &)" (__imp_?DoPostPaint@CControlUI@DuiLib@@UAEXPAUHDC__@@ABUtagRECT@@@Z)
360Safe.obj : error LNK2001: 无法解析的外部符号 "__declspec(dllimport) public: virtual struct tagRECT __thiscall DuiLib::CContainerUI::GetInset(void)const " (__imp_?GetInset@CContainerUI@DuiLib@@UBE?AUtagRECT@@XZ)
360Safe.obj : error LNK2001: 无法解析的外部符号 "__declspec(dllimport) public: virtual void __thiscall DuiLib::CContainerUI::SetInset(struct tagRECT)" (__imp_?SetInset@CContainerUI@DuiLib@@UAEXUtagRECT@@@Z)
360Safe.obj : error LNK2001: 无法解析的外部符号 "__declspec(dllimport) public: virtual int __thiscall DuiLib::CContainerUI::GetChildPadding(void)const " (__imp_?GetChildPadding@CContainerUI@DuiLib@@UBEHXZ)
360Safe.obj : error LNK2001: 无法解析的外部符号 "__declspec(dllimport) public: virtual void __thiscall DuiLib::CContainerUI::SetChildPadding(int)" (__imp_?SetChildPadding@CContainerUI@DuiLib@@UAEXH@Z)
360Safe.obj : error LNK2001: 无法解析的外部符号 "__declspec(dllimport) public: virtual unsigned int __thiscall DuiLib::CContainerUI::GetChildAlign(void)const " (__imp_?GetChildAlign@CContainerUI@DuiLib@@UBEIXZ)
360Safe.obj : error LNK2001: 无法解析的外部符号 "__declspec(dllimport) public: virtual void __thiscall DuiLib::CContainerUI::SetChildAlign(unsigned int)" (__imp_?SetChildAlign@CContainerUI@DuiLib@@UAEXI@Z)
360Safe.obj : error LNK2001: 无法解析的外部符号 "__declspec(dllimport) public: virtual unsigned int __thiscall DuiLib::CContainerUI::GetChildVAlign(void)const " (__imp_?GetChildVAlign@CContainerUI@DuiLib@@UBEIXZ)
360Safe.obj : error LNK2001: 无法解析的外部符号 "__declspec(dllimport) public: virtual void __thiscall DuiLib::CContainerUI::SetChildVAlign(unsigned int)" (__imp_?SetChildVAlign@CContainerUI@DuiLib@@UAEXI@Z)
360Safe.obj : error LNK2001: 无法解析的外部符号 "__declspec(dllimport) public: virtual bool __thiscall DuiLib::CContainerUI::IsAutoDestroy(void)const " (__imp_?IsAutoDestroy@CContainerUI@DuiLib@@UBE_NXZ)
360Safe.obj : error LNK2001: 无法解析的外部符号 "__declspec(dllimport) public: virtual void __thiscall DuiLib::CContainerUI::SetAutoDestroy(bool)" (__imp_?SetAutoDestroy@CContainerUI@DuiLib@@UAEX_N@Z)
360Safe.obj : error LNK2001: 无法解析的外部符号 "__declspec(dllimport) public: virtual bool __thiscall DuiLib::CContainerUI::IsDelayedDestroy(void)const " (__imp_?IsDelayedDestroy@CContainerUI@DuiLib@@UBE_NXZ)
360Safe.obj : error LNK2001: 无法解析的外部符号 "__declspec(dllimport) public: virtual void __thiscall DuiLib::CContainerUI::SetDelayedDestroy(bool)" (__imp_?SetDelayedDestroy@CContainerUI@DuiLib@@UAEX_N@Z)
360Safe.obj : error LNK2001: 无法解析的外部符号 "__declspec(dllimport) public: virtual bool __thiscall DuiLib::CContainerUI::IsMouseChildEnabled(void)const " (__imp_?IsMouseChildEnabled@CContainerUI@DuiLib@@UBE_NXZ)
360Safe.obj : error LNK2001: 无法解析的外部符号 "__declspec(dllimport) public: virtual void __thiscall DuiLib::CContainerUI::SetMouseChildEnabled(bool)" (__imp_?SetMouseChildEnabled@CContainerUI@DuiLib@@UAEX_N@Z)
360Safe.obj : error LNK2001: 无法解析的外部符号 "__declspec(dllimport) public: virtual int __thiscall DuiLib::CContainerUI::FindSelectable(int,bool)const " (__imp_?FindSelectable@CContainerUI@DuiLib@@UBEHH_N@Z)
360Safe.obj : error LNK2001: 无法解析的外部符号 "__declspec(dllimport) public: virtual struct tagSIZE __thiscall DuiLib::CContainerUI::GetScrollPos(void)const " (__imp_?GetScrollPos@CContainerUI@DuiLib@@UBE?AUtagSIZE@@XZ)
360Safe.obj : error LNK2001: 无法解析的外部符号 "__declspec(dllimport) public: virtual struct tagSIZE __thiscall DuiLib::CContainerUI::GetScrollRange(void)const " (__imp_?GetScrollRange@CContainerUI@DuiLib@@UBE?AUtagSIZE@@XZ)
360Safe.obj : error LNK2001: 无法解析的外部符号 "__declspec(dllimport) public: virtual void __thiscall DuiLib::CContainerUI::SetScrollPos(struct tagSIZE)" (__imp_?SetScrollPos@CContainerUI@DuiLib@@UAEXUtagSIZE@@@Z)
360Safe.obj : error LNK2001: 无法解析的外部符号 "__declspec(dllimport) public: virtual void __thiscall DuiLib::CContainerUI::LineUp(void)" (__imp_?LineUp@CContainerUI@DuiLib@@UAEXXZ)
360Safe.obj : error LNK2001: 无法解析的外部符号 "__declspec(dllimport) public: virtual void __thiscall DuiLib::CContainerUI::LineDown(void)" (__imp_?LineDown@CContainerUI@DuiLib@@UAEXXZ)
360Safe.obj : error LNK2001: 无法解析的外部符号 "__declspec(dllimport) public: virtual void __thiscall DuiLib::CContainerUI::PageUp(void)" (__imp_?PageUp@CContainerUI@DuiLib@@UAEXXZ)
360Safe.obj : error LNK2001: 无法解析的外部符号 "__declspec(dllimport) public: virtual void __thiscall DuiLib::CContainerUI::PageDown(void)" (__imp_?PageDown@CContainerUI@DuiLib@@UAEXXZ)
360Safe.obj : error LNK2001: 无法解析的外部符号 "__declspec(dllimport) public: virtual void __thiscall DuiLib::CContainerUI::HomeUp(void)" (__imp_?HomeUp@CContainerUI@DuiLib@@UAEXXZ)
360Safe.obj : error LNK2001: 无法解析的外部符号 "__declspec(dllimport) public: virtual void __thiscall DuiLib::CContainerUI::EndDown(void)" (__imp_?EndDown@CContainerUI@DuiLib@@UAEXXZ)
360Safe.obj : error LNK2001: 无法解析的外部符号 "__declspec(dllimport) public: virtual void __thiscall DuiLib::CContainerUI::LineLeft(void)" (__imp_?LineLeft@CContainerUI@DuiLib@@UAEXXZ)
360Safe.obj : error LNK2001: 无法解析的外部符号 "__declspec(dllimport) public: virtual void __thiscall DuiLib::CContainerUI::LineRight(void)" (__imp_?LineRight@CContainerUI@DuiLib@@UAEXXZ)
360Safe.obj : error LNK2001: 无法解析的外部符号 "__declspec(dllimport) public: virtual void __thiscall DuiLib::CContainerUI::PageLeft(void)" (__imp_?PageLeft@CContainerUI@DuiLib@@UAEXXZ)
360Safe.obj : error LNK2001: 无法解析的外部符号 "__declspec(dllimport) public: virtual void __thiscall DuiLib::CContainerUI::PageRight(void)" (__imp_?PageRight@CContainerUI@DuiLib@@UAEXXZ)
360Safe.obj : error LNK2001: 无法解析的外部符号 "__declspec(dllimport) public: virtual void __thiscall DuiLib::CContainerUI::HomeLeft(void)" (__imp_?HomeLeft@CContainerUI@DuiLib@@UAEXXZ)
360Safe.obj : error LNK2001: 无法解析的外部符号 "__declspec(dllimport) public: virtual void __thiscall DuiLib::CContainerUI::EndRight(void)" (__imp_?EndRight@CContainerUI@DuiLib@@UAEXXZ)
360Safe.obj : error LNK2001: 无法解析的外部符号 "__declspec(dllimport) public: virtual void __thiscall DuiLib::CContainerUI::EnableScrollBar(bool,bool)" (__imp_?EnableScrollBar@CContainerUI@DuiLib@@UAEX_N0@Z)
360Safe.obj : error LNK2001: 无法解析的外部符号 "__declspec(dllimport) public: virtual class DuiLib::CScrollBarUI * __thiscall DuiLib::CContainerUI::GetVerticalScrollBar(void)const " (__imp_?GetVerticalScrollBar@CContainerUI@DuiLib@@UBEPAVCScrollBarUI@2@XZ)
360Safe.obj : error LNK2001: 无法解析的外部符号 "__declspec(dllimport) public: virtual class DuiLib::CScrollBarUI * __thiscall DuiLib::CContainerUI::GetHorizontalScrollBar(void)const " (__imp_?GetHorizontalScrollBar@CContainerUI@DuiLib@@UBEPAVCScrollBarUI@2@XZ)
360Safe.obj : error LNK2001: 无法解析的外部符号 "__declspec(dllimport) protected: virtual void __thiscall DuiLib::CContainerUI::SetFloatPos(int)" (__imp_?SetFloatPos@CContainerUI@DuiLib@@MAEXH@Z)
360Safe.obj : error LNK2001: 无法解析的外部符号 "__declspec(dllimport) protected: virtual void __thiscall DuiLib::CContainerUI::ProcessScrollBar(struct tagRECT,int,int)" (__imp_?ProcessScrollBar@CContainerUI@DuiLib@@MAEXUtagRECT@@HH@Z)
360Safe.obj : error LNK2001: 无法解析的外部符号 "__declspec(dllimport) public: virtual class DuiLib::CControlUI * __thiscall DuiLib::CContainerUI::GetItemAt(int)const " (__imp_?GetItemAt@CContainerUI@DuiLib@@UBEPAVCControlUI@2@H@Z)
360Safe.obj : error LNK2001: 无法解析的外部符号 "__declspec(dllimport) public: virtual int __thiscall DuiLib::CContainerUI::GetItemIndex(class DuiLib::CControlUI *)const " (__imp_?GetItemIndex@CContainerUI@DuiLib@@UBEHPAVCControlUI@2@@Z)
360Safe.obj : error LNK2001: 无法解析的外部符号 "__declspec(dllimport) public: virtual bool __thiscall DuiLib::CContainerUI::SetItemIndex(class DuiLib::CControlUI *,int)" (__imp_?SetItemIndex@CContainerUI@DuiLib@@UAE_NPAVCControlUI@2@H@Z)
360Safe.obj : error LNK2001: 无法解析的外部符号 "__declspec(dllimport) public: virtual bool __thiscall DuiLib::CContainerUI::SetMultiItemIndex(class DuiLib::CControlUI *,int,int)" (__imp_?SetMultiItemIndex@CContainerUI@DuiLib@@UAE_NPAVCControlUI@2@HH@Z)
360Safe.obj : error LNK2001: 无法解析的外部符号 "__declspec(dllimport) public: virtual int __thiscall DuiLib::CContainerUI::GetCount(void)const " (__imp_?GetCount@CContainerUI@DuiLib@@UBEHXZ)
360Safe.obj : error LNK2001: 无法解析的外部符号 "__declspec(dllimport) public: virtual bool __thiscall DuiLib::CContainerUI::AddAt(class DuiLib::CControlUI *,int)" (__imp_?AddAt@CContainerUI@DuiLib@@UAE_NPAVCControlUI@2@H@Z)
360Safe.obj : error LNK2001: 无法解析的外部符号 "__declspec(dllimport) public: virtual bool __thiscall DuiLib::CContainerUI::Remove(class DuiLib::CControlUI *,bool)" (__imp_?Remove@CContainerUI@DuiLib@@UAE_NPAVCControlUI@2@_N@Z)
360Safe.obj : error LNK2001: 无法解析的外部符号 "__declspec(dllimport) public: virtual bool __thiscall DuiLib::CContainerUI::RemoveAt(int,bool)" (__imp_?RemoveAt@CContainerUI@DuiLib@@UAE_NH_N@Z)
360Safe.obj : error LNK2001: 无法解析的外部符号 "__declspec(dllimport) protected: virtual wchar_t const * __thiscall DuiLib::CWindowWnd::GetSuperClassName(void)const " (__imp_?GetSuperClassName@CWindowWnd@DuiLib@@MBEPB_WXZ)
360Safe.obj : error LNK2001: 无法解析的外部符号 "__declspec(dllimport) public: __thiscall DuiLib::CDialogBuilder::~CDialogBuilder(void)" (__imp_??1CDialogBuilder@DuiLib@@QAE@XZ)
..\bin\360Safe_u.exe : fatal error LNK1120: 167 个无法解析的外部命令
