e:\rmbwk\websoft\code\common\duilib-master\duilib\build\release\duilib.pch
e:\rmbwk\websoft\code\common\duilib-master\duilib\build\release\duilib_static.pdb
e:\rmbwk\websoft\code\common\duilib-master\duilib\build\release\stdafx.obj
e:\rmbwk\websoft\code\common\duilib-master\duilib\build\release\uicombo.obj
e:\rmbwk\websoft\code\common\duilib-master\duilib\build\release\uicheckbox.obj
e:\rmbwk\websoft\code\common\duilib-master\duilib\build\release\uibutton.obj
e:\rmbwk\websoft\code\common\duilib-master\duilib\build\release\uiactivex.obj
e:\rmbwk\websoft\code\common\duilib-master\duilib\build\release\uiverticallayout.obj
e:\rmbwk\websoft\code\common\duilib-master\duilib\build\release\uitilelayout.obj
e:\rmbwk\websoft\code\common\duilib-master\duilib\build\release\uitablayout.obj
e:\rmbwk\websoft\code\common\duilib-master\duilib\build\release\uihorizontallayout.obj
e:\rmbwk\websoft\code\common\duilib-master\duilib\build\release\uichildlayout.obj
e:\rmbwk\websoft\code\common\duilib-master\duilib\build\release\uirender.obj
e:\rmbwk\websoft\code\common\duilib-master\duilib\build\release\uimarkup.obj
e:\rmbwk\websoft\code\common\duilib-master\duilib\build\release\uimanager.obj
e:\rmbwk\websoft\code\common\duilib-master\duilib\build\release\uidlgbuilder.obj
e:\rmbwk\websoft\code\common\duilib-master\duilib\build\release\uicontrol.obj
e:\rmbwk\websoft\code\common\duilib-master\duilib\build\release\uicontainer.obj
e:\rmbwk\websoft\code\common\duilib-master\duilib\build\release\uibase.obj
e:\rmbwk\websoft\code\common\duilib-master\duilib\build\release\utils.obj
e:\rmbwk\websoft\code\common\duilib-master\duilib\build\release\uidelegate.obj
e:\rmbwk\websoft\code\common\duilib-master\duilib\build\release\winimplbase.obj
e:\rmbwk\websoft\code\common\duilib-master\duilib\build\release\uilib.obj
e:\rmbwk\websoft\code\common\duilib-master\duilib\build\release\uiwebbrowser.obj
e:\rmbwk\websoft\code\common\duilib-master\duilib\build\release\uitreeview.obj
e:\rmbwk\websoft\code\common\duilib-master\duilib\build\release\uitext.obj
e:\rmbwk\websoft\code\common\duilib-master\duilib\build\release\uislider.obj
e:\rmbwk\websoft\code\common\duilib-master\duilib\build\release\uiscrollbar.obj
e:\rmbwk\websoft\code\common\duilib-master\duilib\build\release\uirichedit.obj
e:\rmbwk\websoft\code\common\duilib-master\duilib\build\release\uiprogress.obj
e:\rmbwk\websoft\code\common\duilib-master\duilib\build\release\uioption.obj
e:\rmbwk\websoft\code\common\duilib-master\duilib\build\release\uilist.obj
e:\rmbwk\websoft\code\common\duilib-master\duilib\build\release\uilabel.obj
e:\rmbwk\websoft\code\common\duilib-master\duilib\build\release\uigifanim.obj
e:\rmbwk\websoft\code\common\duilib-master\duilib\build\release\uiedit.obj
e:\rmbwk\websoft\code\common\duilib-master\duilib\build\release\uidatetime.obj
e:\rmbwk\websoft\code\common\duilib-master\duilib\build\release\stb_image.obj
e:\rmbwk\websoft\code\common\duilib-master\duilib\build\release\xunzip.obj
e:\rmbwk\websoft\code\common\duilib-master\duilib\build\release\duilib_static.lib
e:\rmbwk\websoft\code\common\duilib-master\duilib\build\release\duilib_static.tlog\cl.read.1.tlog
e:\rmbwk\websoft\code\common\duilib-master\duilib\build\release\duilib_static.tlog\cl.write.1.tlog
e:\rmbwk\websoft\code\common\duilib-master\duilib\build\release\duilib_static.tlog\cl.command.1.tlog
e:\rmbwk\websoft\code\common\duilib-master\duilib\build\release\duilib_static.tlog\lib-link.read.1.tlog
e:\rmbwk\websoft\code\common\duilib-master\duilib\build\release\duilib_static.tlog\lib-link.write.1.tlog
e:\rmbwk\websoft\code\common\duilib-master\duilib\build\release\duilib_static.tlog\lib.command.1.tlog
