e:\rmbwk\websoft\code\common\duilib-master\duilib\build\release_u\duilib.pch
e:\rmbwk\websoft\code\common\duilib-master\duilib\build\release_u\duilib_static.pdb
e:\rmbwk\websoft\code\common\duilib-master\duilib\build\release_u\stdafx.obj
e:\rmbwk\websoft\code\common\duilib-master\duilib\build\release_u\uicombo.obj
e:\rmbwk\websoft\code\common\duilib-master\duilib\build\release_u\uicheckbox.obj
e:\rmbwk\websoft\code\common\duilib-master\duilib\build\release_u\uibutton.obj
e:\rmbwk\websoft\code\common\duilib-master\duilib\build\release_u\uiactivex.obj
e:\rmbwk\websoft\code\common\duilib-master\duilib\build\release_u\uiverticallayout.obj
e:\rmbwk\websoft\code\common\duilib-master\duilib\build\release_u\uitilelayout.obj
e:\rmbwk\websoft\code\common\duilib-master\duilib\build\release_u\uitablayout.obj
e:\rmbwk\websoft\code\common\duilib-master\duilib\build\release_u\uihorizontallayout.obj
e:\rmbwk\websoft\code\common\duilib-master\duilib\build\release_u\uichildlayout.obj
e:\rmbwk\websoft\code\common\duilib-master\duilib\build\release_u\uirender.obj
e:\rmbwk\websoft\code\common\duilib-master\duilib\build\release_u\uimarkup.obj
e:\rmbwk\websoft\code\common\duilib-master\duilib\build\release_u\uimanager.obj
e:\rmbwk\websoft\code\common\duilib-master\duilib\build\release_u\uidlgbuilder.obj
e:\rmbwk\websoft\code\common\duilib-master\duilib\build\release_u\uicontrol.obj
e:\rmbwk\websoft\code\common\duilib-master\duilib\build\release_u\uicontainer.obj
e:\rmbwk\websoft\code\common\duilib-master\duilib\build\release_u\uibase.obj
e:\rmbwk\websoft\code\common\duilib-master\duilib\build\release_u\utils.obj
e:\rmbwk\websoft\code\common\duilib-master\duilib\build\release_u\uidelegate.obj
e:\rmbwk\websoft\code\common\duilib-master\duilib\build\release_u\winimplbase.obj
e:\rmbwk\websoft\code\common\duilib-master\duilib\build\release_u\uilib.obj
e:\rmbwk\websoft\code\common\duilib-master\duilib\build\release_u\uiwebbrowser.obj
e:\rmbwk\websoft\code\common\duilib-master\duilib\build\release_u\uitreeview.obj
e:\rmbwk\websoft\code\common\duilib-master\duilib\build\release_u\uitext.obj
e:\rmbwk\websoft\code\common\duilib-master\duilib\build\release_u\uislider.obj
e:\rmbwk\websoft\code\common\duilib-master\duilib\build\release_u\uiscrollbar.obj
e:\rmbwk\websoft\code\common\duilib-master\duilib\build\release_u\uirichedit.obj
e:\rmbwk\websoft\code\common\duilib-master\duilib\build\release_u\uiprogress.obj
e:\rmbwk\websoft\code\common\duilib-master\duilib\build\release_u\uioption.obj
e:\rmbwk\websoft\code\common\duilib-master\duilib\build\release_u\uilist.obj
e:\rmbwk\websoft\code\common\duilib-master\duilib\build\release_u\uilabel.obj
e:\rmbwk\websoft\code\common\duilib-master\duilib\build\release_u\uigifanim.obj
e:\rmbwk\websoft\code\common\duilib-master\duilib\build\release_u\uiedit.obj
e:\rmbwk\websoft\code\common\duilib-master\duilib\build\release_u\uidatetime.obj
e:\rmbwk\websoft\code\common\duilib-master\duilib\build\release_u\stb_image.obj
e:\rmbwk\websoft\code\common\duilib-master\duilib\build\release_u\xunzip.obj
e:\rmbwk\websoft\code\common\duilib-master\duilib\build\release_u\duilib_static_u.lib
e:\rmbwk\websoft\code\common\duilib-master\duilib\build\release_u\duilib_static.tlog\cl.read.1.tlog
e:\rmbwk\websoft\code\common\duilib-master\duilib\build\release_u\duilib_static.tlog\cl.write.1.tlog
e:\rmbwk\websoft\code\common\duilib-master\duilib\build\release_u\duilib_static.tlog\cl.command.1.tlog
e:\rmbwk\websoft\code\common\duilib-master\duilib\build\release_u\duilib_static.tlog\lib-link.read.1.tlog
e:\rmbwk\websoft\code\common\duilib-master\duilib\build\release_u\duilib_static.tlog\lib-link.write.1.tlog
e:\rmbwk\websoft\code\common\duilib-master\duilib\build\release_u\duilib_static.tlog\lib.command.1.tlog
