  StdAfx.cpp
E:\rmbwk\websoft\code\common\duilib-master\DuiLib\Core\UIManager.h(45,2): warning C4091: “typedef ”: 没有声明变量时忽略“DuiLib::EVENTTYPE_UI”的左侧
  UITreeView.cpp
  UIlib.cpp
  WinImplBase.cpp
  UIDelegate.cpp
  Utils.cpp
  WndShadow.cpp
  UIBase.cpp
  UIContainer.cpp
  UIControl.cpp
E:\rmbwk\websoft\code\common\duilib-master\DuiLib\Core\UIControl.cpp(832,40): warning C4302: “类型强制转换”: 从“LPWSTR”到“WORD”截断
  UIDlgBuilder.cpp
  UIManager.cpp
E:\rmbwk\websoft\code\common\duilib-master\DuiLib\Core\UIManager.cpp(1045,39): warning C4838: 从“DWORD”转换到“LONG”需要收缩转换
E:\rmbwk\websoft\code\common\duilib-master\DuiLib\Core\UIManager.cpp(1045,48): warning C4838: 从“DWORD”转换到“LONG”需要收缩转换
  UIMarkup.cpp
  UIRender.cpp
E:\rmbwk\websoft\code\common\duilib-master\DuiLib\Core\UIRender.cpp(1196,61): warning C4838: 从“int”转换到“COLOR16”需要收缩转换
E:\rmbwk\websoft\code\common\duilib-master\DuiLib\Core\UIRender.cpp(1196,86): warning C4838: 从“int”转换到“COLOR16”需要收缩转换
E:\rmbwk\websoft\code\common\duilib-master\DuiLib\Core\UIRender.cpp(1196,111): warning C4838: 从“int”转换到“COLOR16”需要收缩转换
E:\rmbwk\websoft\code\common\duilib-master\DuiLib\Core\UIRender.cpp(1197,66): warning C4838: 从“int”转换到“COLOR16”需要收缩转换
E:\rmbwk\websoft\code\common\duilib-master\DuiLib\Core\UIRender.cpp(1197,92): warning C4838: 从“int”转换到“COLOR16”需要收缩转换
E:\rmbwk\websoft\code\common\duilib-master\DuiLib\Core\UIRender.cpp(1197,118): warning C4838: 从“int”转换到“COLOR16”需要收缩转换
  UIChildLayout.cpp
  UIHorizontalLayout.cpp
E:\rmbwk\websoft\code\common\duilib-master\DuiLib\Layout\UIHorizontalLayout.cpp(313,37): warning C4302: “类型强制转换”: 从“LPWSTR”到“WORD”截断
  UITabLayout.cpp
  UITileLayout.cpp
  UIVerticalLayout.cpp
E:\rmbwk\websoft\code\common\duilib-master\DuiLib\Layout\UIVerticalLayout.cpp(306,37): warning C4302: “类型强制转换”: 从“LPWSTR”到“WORD”截断
  UIActiveX.cpp
  UIButton.cpp
E:\rmbwk\websoft\code\common\duilib-master\DuiLib\Control\UIButton.cpp(127,35): warning C4302: “类型强制转换”: 从“LPWSTR”到“WORD”截断
  正在生成代码...
  正在编译...
  UICheckBox.cpp
  UICombo.cpp
  UIDateTime.cpp
E:\rmbwk\websoft\code\common\duilib-master\DuiLib\Control\UIDateTime.cpp(297,35): warning C4302: “类型强制转换”: 从“LPWSTR”到“WORD”截断
  UIEdit.cpp
E:\rmbwk\websoft\code\common\duilib-master\DuiLib\Control\UIEdit.cpp(288,35): warning C4302: “类型强制转换”: 从“LPWSTR”到“WORD”截断
  UIGifAnim.cpp
E:\rmbwk\websoft\code\common\duilib-master\DuiLib\Control\UIGifAnim.cpp(1,1): warning C4819: 该文件包含不能在当前代码页(936)中表示的字符。请将该文件保存为 Unicode 格式以防止数据丢失
  UILabel.cpp
  UIList.cpp
E:\rmbwk\websoft\code\common\duilib-master\DuiLib\Control\UIList.cpp(1,1): warning C4819: 该文件包含不能在当前代码页(936)中表示的字符。请将该文件保存为 Unicode 格式以防止数据丢失
E:\rmbwk\websoft\code\common\duilib-master\DuiLib\Control\UIList.cpp(900,1): warning C4819: 该文件包含不能在当前代码页(936)中表示的字符。请将该文件保存为 Unicode 格式以防止数据丢失
E:\rmbwk\websoft\code\common\duilib-master\DuiLib\Control\UIList.cpp(1749,1): warning C4819: 该文件包含不能在当前代码页(936)中表示的字符。请将该文件保存为 Unicode 格式以防止数据丢失
E:\rmbwk\websoft\code\common\duilib-master\DuiLib\Control\UIList.cpp(1781,44): warning C4302: “类型强制转换”: 从“LPWSTR”到“WORD”截断
E:\rmbwk\websoft\code\common\duilib-master\DuiLib\Control\UIList.cpp(2417,48): warning C4302: “类型强制转换”: 从“LPWSTR”到“WORD”截断
  UIOption.cpp
  UIProgress.cpp
  UIRichEdit.cpp
  UIScrollBar.cpp
  UISlider.cpp
E:\rmbwk\websoft\code\common\duilib-master\DuiLib\Control\UISlider.cpp(212,36): warning C4302: “类型强制转换”: 从“LPWSTR”到“WORD”截断
  UIText.cpp
E:\rmbwk\websoft\code\common\duilib-master\DuiLib\Control\UIText.cpp(52,37): warning C4302: “类型强制转换”: 从“LPWSTR”到“WORD”截断
  UIWebBrowser.cpp
  正在生成代码...
  stb_image.c
  XUnzip.cpp
C:\Program Files\Microsoft Visual Studio\2022\Community\MSBuild\Microsoft\VC\v170\Microsoft.CppBuild.targets(1361,5): warning MSB8012: TargetPath(E:\rmbwk\websoft\code\common\duilib-master\DuiLib\Build\Release_u\DuiLib.dll) 与 Linker 的 OutputFile 属性值(E:\rmbwk\websoft\code\common\duilib-master\bin\DuiLib_u.dll)不匹配。这可能导致项目生成不正确。若要更正此问题，请确保 $(OutDir)、$(TargetName) 和 $(TargetExt) 属性值与 %(Link.OutputFile) 中指定的值匹配。
C:\Program Files\Microsoft Visual Studio\2022\Community\MSBuild\Microsoft\VC\v170\Microsoft.CppBuild.targets(1363,5): warning MSB8012: TargetName(DuiLib) 与 Linker 的 OutputFile 属性值(DuiLib_u)不匹配。这可能导致项目生成不正确。若要更正此问题，请确保 $(OutDir)、$(TargetName) 和 $(TargetExt) 属性值与 %(Link.OutputFile) 中指定的值匹配。
    正在创建库 ../Lib/DuiLib_u.lib 和对象 ../Lib/DuiLib_u.exp
  DuiLib.vcxproj -> E:\rmbwk\websoft\code\common\duilib-master\DuiLib\Build\Release_u\DuiLib.dll
